// Jest Snapshot v1, https://goo.gl/fbAQLP

exports[`CollectionsOverview renders as expected 1`] = `ShallowWrapper {}`;
