// Jest Snapshot v1, https://goo.gl/fbAQLP

exports[`CheckoutItem renders as expected 1`] = `ShallowWrapper {}`;
