// Jest Snapshot v1, https://goo.gl/fbAQLP

exports[`Cart component renders as expected 1`] = `ShallowWrapper {}`;

exports[`CartDropdown component should render CartDropdown component 1`] = `ShallowWrapper {}`;
