// Jest Snapshot v1, https://goo.gl/fbAQLP

exports[`App renders as expected2 1`] = `ShallowWrapper {}`;
