// Jest Snapshot v1, https://goo.gl/fbAQLP

exports[`CartItem renders as expected 1`] = `ShallowWrapper {}`;
