// Jest Snapshot v1, https://goo.gl/fbAQLP

exports[`Directory renders as expected 1`] = `ShallowWrapper {}`;
