// Jest Snapshot v1, https://goo.gl/fbAQLP

exports[`CartIcon component renders as expected 1`] = `ShallowWrapper {}`;
