// Jest Snapshot v1, https://goo.gl/fbAQLP

exports[`CustomButton renders as expected 1`] = `ShallowWrapper {}`;

exports[`CustomButton renders as expected 2`] = `
<button
  className="sc-AxjAm dymsBa"
/>
`;
